// Jest Snapshot v1, https://goo.gl/fbAQLP

exports[`Pruebas en <PrimeraApp /> debe de mostrar el componenet <PrimeraApp /> correctamente 1`] = `
<Fragment>
  <h1>
    Hola, Soy Iron Man
     !!!
  </h1>
  <p>
    Soy un subtitulo
  </p>
</Fragment>
`;
